// Jest Snapshot v1, https://goo.gl/fbAQLP

exports[`Text should render correctly 1`] = `
<Text
  style={
    [
      {
        "includeFontPadding": false,
      },
      {
        "color": "#242424",
        "fontFamily": "NunitoSansRegular",
        "fontSize": 16,
      },
      undefined,
    ]
  }
/>
`;
