// Jest Snapshot v1, https://goo.gl/fbAQLP

exports[`ShippingAddressCard should render correctly 1`] = `
<div>
  <RCTScrollView
    ListEmptyComponent={
      <Memo(Text)
        style={
          {
            "textAlign": "center",
          }
        }
      >
        No product was added in cart.
      </Memo(Text)>
    }
    contentContainerStyle={
      [
        {
          "gap": 12,
        },
        undefined,
      ]
    }
    data={
      [
        {
          "id": "1",
          "image": "https://m.media-amazon.com/images/I/711I3okfOpL._AC_SL1500_.jpg",
          "price": 89.99,
          "productId": "1",
          "productName": "Classic Dining Chair",
          "quantity": 2,
          "selectedColor": "#8a8fa3",
        },
      ]
    }
    getItem={[Function]}
    getItemCount={[Function]}
    keyExtractor={[Function]}
    onContentSizeChange={[Function]}
    onLayout={[Function]}
    onMomentumScrollBegin={[Function]}
    onMomentumScrollEnd={[Function]}
    onScroll={[Function]}
    onScrollBeginDrag={[Function]}
    onScrollEndDrag={[Function]}
    removeClippedSubviews={false}
    renderItem={[Function]}
    scrollEventThrottle={0.0001}
    stickyHeaderIndices={[]}
    viewabilityConfigCallbackPairs={[]}
  >
    <View>
      <View
        onFocusCapture={[Function]}
        onLayout={[Function]}
        style={null}
      />
    </View>
  </RCTScrollView>
</div>
`;
